// Jest Snapshot v1, https://goo.gl/fbAQLP

exports[`the ActorList component renders 1`] = `
<View
  style={
    Object {
      "flex": 1,
      "width": "100%",
    }
  }
>
  <ScrollViewMock
    style={
      Object {
        "width": "100%",
      }
    }
  >
    <TouchableHighlight
      activeOpacity={0.85}
      delayPressOut={100}
      key="1"
      onPress={[Function]}
      underlayColor="black"
    >
      <View>
        <Component
          actor={
            Object {
              "clone": [Function],
              "hasActiveTurn": false,
              "id": 1,
              "initiative": 30,
              "name": "Test Actor",
              "sort": [Function],
            }
          }
        />
      </View>
    </TouchableHighlight>
  </ScrollViewMock>
</View>
`;
